// Vitest Snapshot v1, https://vitest.dev/guide/snapshot.html

exports[`TaskList > renders the task list properly 1`] = `
"<button class="btn btn-primary btn-sm">Add <svg class="size-4 flex-shrink-0" viewBox="0 0 24 24" width="1.2em" height="1.2em">
    <path fill="none" stroke="currentColor" stroke-linecap="round" stroke-linejoin="round" stroke-width="2" d="M5 12h14m-7-7v14"></path>
  </svg></button>
<!--teleport start-->
<!--teleport end-->"
`;
